[www.queensbrewery.com/xmlrpc.php]
[backblue.gif]
[fade.gif]
[index.html]
[www.queensbrewery.com/wp-content/themes/queensbrewery/images/favicon.ico]
[www.queensbrewery.com/wp-content/themes/queensbrewery/images/social/twitter_icon.png]
[www.queensbrewery.com/wp-content/themes/queensbrewery/images/social/facebook_icon.png]
[www.queensbrewery.com/wp-content/uploads/2013/10/photo.jpg]
[www.queensbrewery.com/wp-content/uploads/2013/10/qb_lic_mag.jpg]
[www.queensbrewery.com/feed/index.html]
[www.queensbrewery.com/comments/feed/index.html]
[www.queensbrewery.com/index.html]
[www.queensbrewery.com/wp-content/themes/queensbrewery/style.css]
[www.queensbrewery.com/wp-content/plugins/jetpack/modules/widgets/widgets4627.css]
[www.queensbrewery.com/wp-content/plugins/jetpack/modules/sharedaddy/images/facebook.png]
[www.queensbrewery.com/wp-content/plugins/jetpack/modules/sharedaddy/images/tumblr.png]
[www.queensbrewery.com/wp-content/plugins/jetpack/modules/sharedaddy/images/twitterc4ca.png]
[www.queensbrewery.com/wp-content/plugins/jetpack/modules/sharedaddy/images/googleplus1c4ca.png]
[www.queensbrewery.com/wp-content/plugins/jetpack/modules/sharedaddy/images/linkedin.png]
[www.queensbrewery.com/wp-content/plugins/jetpack/modules/sharedaddy/images/wordpress.png]
[www.queensbrewery.com/wp-content/plugins/jetpack/modules/sharedaddy/images/digg.png]
[www.queensbrewery.com/wp-content/plugins/jetpack/modules/sharedaddy/images/stumbleupon.png]
[www.queensbrewery.com/wp-content/plugins/jetpack/modules/sharedaddy/images/reddit.png]
[www.queensbrewery.com/wp-content/plugins/jetpack/modules/sharedaddy/images/pinterest.png]
[www.queensbrewery.com/wp-content/plugins/jetpack/modules/sharedaddy/images/pocket.png]
[www.queensbrewery.com/wp-content/plugins/jetpack/modules/sharedaddy/images/kindle.png]
[www.queensbrewery.com/wp-content/plugins/jetpack/modules/sharedaddy/images/email.png]
[www.queensbrewery.com/wp-content/plugins/jetpack/modules/sharedaddy/images/print.png]
[www.queensbrewery.com/wp-content/plugins/jetpack/modules/sharedaddy/images/more.png]
[www.queensbrewery.com/wp-content/plugins/jetpack/modules/sharedaddy/images/facebook@2x.png]
[www.queensbrewery.com/wp-content/plugins/jetpack/modules/sharedaddy/images/tumblr@2x.png]
[www.queensbrewery.com/wp-content/plugins/jetpack/modules/sharedaddy/images/twitter@2xc4ca.png]
[www.queensbrewery.com/wp-content/plugins/jetpack/modules/sharedaddy/images/googleplus1@2x.png]
[www.queensbrewery.com/wp-content/plugins/jetpack/modules/sharedaddy/images/linkedin@2x.png]
[www.queensbrewery.com/wp-content/plugins/jetpack/modules/sharedaddy/images/wordpress@2x.png]
[www.queensbrewery.com/wp-content/plugins/jetpack/modules/sharedaddy/images/digg@2xc4ca.png]
[www.queensbrewery.com/wp-content/plugins/jetpack/modules/sharedaddy/images/stumbleupon@2x.png]
[www.queensbrewery.com/wp-content/plugins/jetpack/modules/sharedaddy/images/reddit@2x.png]
[www.queensbrewery.com/wp-content/plugins/jetpack/modules/sharedaddy/images/pinterest@2x.png]
[www.queensbrewery.com/wp-content/plugins/jetpack/modules/sharedaddy/images/pocket@2x.png]
[www.queensbrewery.com/wp-content/plugins/jetpack/modules/sharedaddy/images/kindle@2x.png]
[www.queensbrewery.com/wp-content/plugins/jetpack/modules/sharedaddy/images/email@2xc4ca.png]
[www.queensbrewery.com/wp-content/plugins/jetpack/modules/sharedaddy/images/print@2x.png]
[www.queensbrewery.com/wp-content/plugins/jetpack/modules/sharedaddy/sharinga305.css]
[www.queensbrewery.com/wp-content/plugins/jetpack/modules/sharedaddy/images/more@2xc4ca.png]
[www.queensbrewery.com/wp-content/themes/queensbrewery/map/scripta7a0.js]
[www.queensbrewery.com/wp-content/themes/queensbrewery/js/countdown.js]
[www.queensbrewery.com/wp-content/uploads/2013/07/QB_headers_07.jpg]
[www.queensbrewery.com/queens-restaurant-week/index.html]
[www.queensbrewery.com/wp-content/uploads/2012/08/QB_headers_06.jpg]
[www.queensbrewery.com/queens-lager/index.html]
[www.queensbrewery.com/wp-content/uploads/2012/08/QB_headers_02.jpg]
[www.queensbrewery.com/queens-restaurant-week/feed/index.html]
[www.queensbrewery.com/privacy-policy/index.html]
[www.queensbrewery.com/terms-conditions/index.html]
[www.queensbrewery.com/wp-content/plugins/content-warning-v2/assets/wpcw164b.css]
[www.queensbrewery.com/wp-content/plugins/jetpack/modules/wpgrohoa7a0.js]
[www.queensbrewery.com/wp-content/plugins/content-warning-v2/assets/wpcwv21e0c.js]
[www.queensbrewery.com/wp-content/plugins/jetpack/modules/sharedaddy/sharingc5c3.js]
[www.queensbrewery.com/wp-content/themes/twentyeleven/images/search.png]
[www.queensbrewery.com/wp-content/themes/twentyeleven/images/comment-bubble.png]
[www.queensbrewery.com/wp-content/themes/twentyeleven/images/comment-arrow.png]
[www.queensbrewery.com/wp-content/themes/twentyeleven/style.css]
[www.queensbrewery.com/wp-content/themes/twentyeleven/images/comment-arrow-bypostauthor.png]
[www.queensbrewery.com/wp-content/themes/queensbrewery/map/icon/index.html]
[www.queensbrewery.com/qb_maps_qrw.html]
[www.queensbrewery.com/qb_maps.html]
